[    0.000000] Initializing cgroup subsys cpuset
[    0.000000] Initializing cgroup subsys cpu
[    0.000000] Initializing cgroup subsys cpuacct
[    0.000000] Linux version 4.4.0-112-generic (buildd@lgw01-amd64-010) (gcc version 5.4.0 20160609 (Ubuntu 5.4.0-6ubuntu1~16.04.5) ) #135-Ubuntu SMP Fri Jan 19 11:48:36 UTC 2018 (Ubuntu 4.4.0-112.135-generic 4.4.98)
[    0.000000] Command line: BOOT_IMAGE=/boot/vmlinuz-4.4.0-112-generic root=LABEL=cloudimg-rootfs ro console=tty1 console=ttyS0
[    0.000000] KERNEL supported cpus:
[    0.000000]   Intel GenuineIntel
[    0.000000]   AMD AuthenticAMD
[    0.000000]   Centaur CentaurHauls
[    0.000000] ------------[ cut here ]------------
[    0.000000] WARNING: CPU: 0 PID: 0 at /build/linux-HSAA8v/linux-4.4.0/arch/x86/kernel/fpu/xstate.c:517 fpu__init_system_xstate+0x38b/0x75a()
[    0.000000] XSAVE consistency problem, dumping leaves
[    0.000000] Modules linked in:
[    0.000000] CPU: 0 PID: 0 Comm: swapper Not tainted 4.4.0-112-generic #135-Ubuntu
[    0.000000]  0000000000000086 aed801d6bfdf5055 ffffffff81e03d80 ffffffff813fc233
[    0.000000]  ffffffff81e03dc8 ffffffff81cab100 ffffffff81e03db8 ffffffff81081f82
[    0.000000]  ffffffff81e03e48 ffffffff81e03e4c 0000000000000008 0000000000000100
[    0.000000] Call Trace:
[    0.000000]  [<ffffffff813fc233>] dump_stack+0x63/0x90
[    0.000000]  [<ffffffff81081f82>] warn_slowpath_common+0x82/0xc0
[    0.000000]  [<ffffffff8108201c>] warn_slowpath_fmt+0x5c/0x80
[    0.000000]  [<ffffffff8107dc20>] ? xfeature_size+0x59/0x77
[    0.000000]  [<ffffffff81f72275>] fpu__init_system_xstate+0x38b/0x75a
[    0.000000]  [<ffffffff81f62120>] ? early_idt_handler_array+0x120/0x120
[    0.000000]  [<ffffffff81f71be0>] fpu__init_system+0x10d/0x245
[    0.000000]  [<ffffffff81f72ce9>] early_cpu_init+0x139/0x13e
[    0.000000]  [<ffffffff81f72ce9>] ? early_cpu_init+0x139/0x13e
[    0.000000]  [<ffffffff81f6e19b>] setup_arch+0xb4/0xcfb
[    0.000000]  [<ffffffff81f62120>] ? early_idt_handler_array+0x120/0x120
[    0.000000]  [<ffffffff81f62c74>] start_kernel+0xe4/0x4a7
[    0.000000]  [<ffffffff81f62120>] ? early_idt_handler_array+0x120/0x120
[    0.000000]  [<ffffffff81f62339>] x86_64_start_reservations+0x2a/0x2c
[    0.000000]  [<ffffffff81f62485>] x86_64_start_kernel+0x14a/0x16d
[    0.000000] ---[ end trace 4d5ff9f2f68c4233 ]---
[    0.000000] CPUID[0d, 00]: eax=00000007 ebx=00000440 ecx=00000440 edx=00000000
[    0.000000] CPUID[0d, 01]: eax=00000000 ebx=000003c0 ecx=00000000 edx=00000000
[    0.000000] CPUID[0d, 02]: eax=00000100 ebx=00000240 ecx=00000000 edx=00000000
[    0.000000] CPUID[0d, 03]: eax=00000000 ebx=00000000 ecx=00000000 edx=00000000
[    0.000000] CPUID[0d, 04]: eax=00000000 ebx=00000000 ecx=00000000 edx=00000000
[    0.000000] CPUID[0d, 05]: eax=00000000 ebx=00000000 ecx=00000000 edx=00000000
[    0.000000] CPUID[0d, 06]: eax=00000000 ebx=00000000 ecx=00000000 edx=00000000
[    0.000000] CPUID[0d, 07]: eax=00000000 ebx=00000000 ecx=00000000 edx=00000000
[    0.000000] CPUID[0d, 08]: eax=00000000 ebx=00000000 ecx=00000000 edx=00000000
[    0.000000] CPUID[0d, 09]: eax=00000000 ebx=00000000 ecx=00000000 edx=00000000
[    0.000000] CPUID[0d, 0a]: eax=00000000 ebx=00000000 ecx=00000000 edx=00000000
[    0.000000] CPUID[0d, 0b]: eax=00000000 ebx=00000000 ecx=00000000 edx=00000000
[    0.000000] CPUID[0d, 0c]: eax=00000000 ebx=00000000 ecx=00000000 edx=00000000
[    0.000000] CPUID[0d, 0d]: eax=00000000 ebx=00000000 ecx=00000000 edx=00000000
[    0.000000] CPUID[0d, 0e]: eax=00000000 ebx=00000000 ecx=00000000 edx=00000000
[    0.000000] CPUID[0d, 0f]: eax=00000000 ebx=00000000 ecx=00000000 edx=00000000
[    0.000000] CPUID[0d, 10]: eax=00000000 ebx=00000000 ecx=00000000 edx=00000000
[    0.000000] CPUID[0d, 11]: eax=00000000 ebx=00000000 ecx=00000000 edx=00000000
[    0.000000] x86/fpu: xstate_offset[2]:  576, xstate_sizes[2]:  256
[    0.000000] x86/fpu: Supporting XSAVE feature 0x01: 'x87 floating point registers'
[    0.000000] x86/fpu: Supporting XSAVE feature 0x02: 'SSE registers'
[    0.000000] x86/fpu: Supporting XSAVE feature 0x04: 'AVX registers'
[    0.000000] x86/fpu: Enabled xstate features 0x7, context size is 1088 bytes, using 'standard' format.
[    0.000000] x86/fpu: Using 'lazy' FPU context switches.
[    0.000000] e820: BIOS-provided physical RAM map:
[    0.000000] BIOS-e820: [mem 0x0000000000000000-0x000000000009fbff] usable
[    0.000000] BIOS-e820: [mem 0x000000000009fc00-0x000000000009ffff] reserved
[    0.000000] BIOS-e820: [mem 0x00000000000f0000-0x00000000000fffff] reserved
[    0.000000] BIOS-e820: [mem 0x0000000000100000-0x000000003ffeffff] usable
[    0.000000] BIOS-e820: [mem 0x000000003fff0000-0x000000003fffffff] ACPI data
[    0.000000] BIOS-e820: [mem 0x00000000fec00000-0x00000000fec00fff] reserved
[    0.000000] BIOS-e820: [mem 0x00000000fee00000-0x00000000fee00fff] reserved
[    0.000000] BIOS-e820: [mem 0x00000000fffc0000-0x00000000ffffffff] reserved
[    0.000000] NX (Execute Disable) protection: active
[    0.000000] SMBIOS 2.5 present.
[    0.000000] Hypervisor detected: KVM
[    0.000000] e820: last_pfn = 0x3fff0 max_arch_pfn = 0x400000000
[    0.000000] MTRR: Disabled
[    0.000000] x86/PAT: MTRRs disabled, skipping PAT initialization too.
[    0.000000] CPU MTRRs all blank - virtualized system.
[    0.000000] x86/PAT: Configuration [0-7]: WB  WT  UC- UC  WB  WT  UC- UC  
[    0.000000] found SMP MP-table at [mem 0x0009fff0-0x0009ffff] mapped at [ffff88000009fff0]
[    0.000000] Scanning 1 areas for low memory corruption
[    0.000000] RAMDISK: [mem 0x36acc000-0x3755dfff]
[    0.000000] ACPI: Early table checksum verification disabled
[    0.000000] ACPI: RSDP 0x00000000000E0000 000024 (v02 VBOX  )
[    0.000000] ACPI: XSDT 0x000000003FFF0030 00003C (v01 VBOX   VBOXXSDT 00000001 ASL  00000061)
[    0.000000] ACPI: FACP 0x000000003FFF00F0 0000F4 (v04 VBOX   VBOXFACP 00000001 ASL  00000061)
[    0.000000] ACPI: DSDT 0x000000003FFF0470 0021FF (v02 VBOX   VBOXBIOS 00000002 INTL 20160729)
[    0.000000] ACPI: FACS 0x000000003FFF0200 000040
[    0.000000] ACPI: FACS 0x000000003FFF0200 000040
[    0.000000] ACPI: APIC 0x000000003FFF0240 00005C (v02 VBOX   VBOXAPIC 00000001 ASL  00000061)
[    0.000000] ACPI: SSDT 0x000000003FFF02A0 0001CC (v01 VBOX   VBOXCPUT 00000002 INTL 20160729)
[    0.000000] No NUMA configuration found
[    0.000000] Faking a node at [mem 0x0000000000000000-0x000000003ffeffff]
[    0.000000] NODE_DATA(0) allocated [mem 0x3ffeb000-0x3ffeffff]
[    0.000000] kvm-clock: Using msrs 4b564d01 and 4b564d00
[    0.000000] kvm-clock: cpu 0, msr 0:3ffe3001, primary cpu clock
[    0.000000] kvm-clock: using sched offset of 3130685082 cycles
[    0.000000] clocksource: kvm-clock: mask: 0xffffffffffffffff max_cycles: 0x1cd42e4dffb, max_idle_ns: 881590591483 ns
[    0.000000] Zone ranges:
[    0.000000]   DMA      [mem 0x0000000000001000-0x0000000000ffffff]
[    0.000000]   DMA32    [mem 0x0000000001000000-0x000000003ffeffff]
[    0.000000]   Normal   empty
[    0.000000]   Device   empty
[    0.000000] Movable zone start for each node
[    0.000000] Early memory node ranges
[    0.000000]   node   0: [mem 0x0000000000001000-0x000000000009efff]
[    0.000000]   node   0: [mem 0x0000000000100000-0x000000003ffeffff]
[    0.000000] Initmem setup node 0 [mem 0x0000000000001000-0x000000003ffeffff]
[    0.000000] ACPI: PM-Timer IO Port: 0x4008
[    0.000000] IOAPIC[0]: apic_id 2, version 32, address 0xfec00000, GSI 0-23
[    0.000000] ACPI: INT_SRC_OVR (bus 0 bus_irq 0 global_irq 2 dfl dfl)
[    0.000000] ACPI: INT_SRC_OVR (bus 0 bus_irq 9 global_irq 9 high level)
[    0.000000] Using ACPI (MADT) for SMP configuration information
[    0.000000] smpboot: Allowing 2 CPUs, 0 hotplug CPUs
[    0.000000] PM: Registered nosave memory: [mem 0x00000000-0x00000fff]
[    0.000000] PM: Registered nosave memory: [mem 0x0009f000-0x0009ffff]
[    0.000000] PM: Registered nosave memory: [mem 0x000a0000-0x000effff]
[    0.000000] PM: Registered nosave memory: [mem 0x000f0000-0x000fffff]
[    0.000000] e820: [mem 0x40000000-0xfebfffff] available for PCI devices
[    0.000000] Booting paravirtualized kernel on KVM
[    0.000000] clocksource: refined-jiffies: mask: 0xffffffff max_cycles: 0xffffffff, max_idle_ns: 7645519600211568 ns
[    0.000000] setup_percpu: NR_CPUS:512 nr_cpumask_bits:512 nr_cpu_ids:2 nr_node_ids:1
[    0.000000] PERCPU: Embedded 34 pages/cpu @ffff88003fc00000 s99544 r8192 d31528 u1048576
[    0.000000] PV qspinlock hash table entries: 256 (order: 0, 4096 bytes)
[    0.000000] Built 1 zonelists in Node order, mobility grouping on.  Total pages: 257913
[    0.000000] Policy zone: DMA32
[    0.000000] Kernel command line: BOOT_IMAGE=/boot/vmlinuz-4.4.0-112-generic root=LABEL=cloudimg-rootfs ro console=tty1 console=ttyS0
[    0.000000] PID hash table entries: 4096 (order: 3, 32768 bytes)
[    0.000000] Memory: 1001708K/1048120K available (8499K kernel code, 1309K rwdata, 3988K rodata, 1508K init, 1316K bss, 46412K reserved, 0K cma-reserved)
[    0.000000] SLUB: HWalign=64, Order=0-3, MinObjects=0, CPUs=2, Nodes=1
[    0.000000] Kernel/User page tables isolation: enabled
[    0.000000] Hierarchical RCU implementation.
[    0.000000] 	Build-time adjustment of leaf fanout to 64.
[    0.000000] 	RCU restricting CPUs from NR_CPUS=512 to nr_cpu_ids=2.
[    0.000000] RCU: Adjusting geometry for rcu_fanout_leaf=64, nr_cpu_ids=2
[    0.000000] NR_IRQS:33024 nr_irqs:440 16
[    0.000000] Console: colour VGA+ 80x25
[    0.000000] console [tty1] enabled
[    0.000000] console [ttyS0] enabled
[    0.000000] tsc: Detected 2591.954 MHz processor
[    0.268731] Calibrating delay loop (skipped) preset value.. 5183.90 BogoMIPS (lpj=10367816)
[    0.270256] pid_max: default: 32768 minimum: 301
[    0.271009] ACPI: Core revision 20150930
[    0.272687] ACPI: 2 ACPI AML tables successfully acquired and loaded
[    0.273796] Security Framework initialized
[    0.274529] Yama: becoming mindful.
[    0.275204] AppArmor: AppArmor initialized
[    0.276068] Dentry cache hash table entries: 131072 (order: 8, 1048576 bytes)
[    0.277783] Inode-cache hash table entries: 65536 (order: 7, 524288 bytes)
[    0.280985] Mount-cache hash table entries: 2048 (order: 2, 16384 bytes)
[    0.282038] Mountpoint-cache hash table entries: 2048 (order: 2, 16384 bytes)
[    0.283319] Initializing cgroup subsys io
[    0.284112] Initializing cgroup subsys memory
[    0.284897] Initializing cgroup subsys devices
[    0.285662] Initializing cgroup subsys freezer
[    0.286471] Initializing cgroup subsys net_cls
[    0.287197] Initializing cgroup subsys perf_event
[    0.287999] Initializing cgroup subsys net_prio
[    0.288805] Initializing cgroup subsys hugetlb
[    0.289533] Initializing cgroup subsys pids
[    0.290406] CPU: Physical Processor ID: 0
[    0.292698] CPU: Processor Core ID: 0
[    0.293348] FEATURE SPEC_CTRL Not Present
[    0.295166] mce: CPU supports 0 MCE banks
[    0.295878] Last level iTLB entries: 4KB 64, 2MB 8, 4MB 8
[    0.296819] Last level dTLB entries: 4KB 64, 2MB 0, 4MB 0, 1GB 4
[    0.308752] Freeing SMP alternatives memory: 32K
[    0.318511] ftrace: allocating 32180 entries in 126 pages
[    0.359724] smpboot: APIC(0) Converting physical 0 to logical package 0
[    0.367234] smpboot: Max logical packages: 1
[    0.381808] x2apic enabled
[    0.387844] Switched APIC routing to physical x2apic.
[    0.389769] ..TIMER: vector=0x30 apic1=0 pin1=2 apic2=-1 pin2=-1
[    0.563816] smpboot: CPU0: Intel(R) Core(TM) i7-6500U CPU @ 2.50GHz (family: 0x6, model: 0x4e, stepping: 0x3)
[    0.592837] Performance Events: unsupported p6 CPU model 78 no PMU driver, software events only.
[    0.594446] KVM setup paravirtual spinlock
[    0.595830] x86: Booting SMP configuration:
[    0.603001] .... node  #0, CPUs:      #1
[    0.650472] kvm-clock: cpu 1, msr 0:3ffe3041, secondary cpu clock
[    0.653574] mce: CPU supports 0 MCE banks
[    0.655936] x86: Booted up 1 node, 2 CPUs
[    0.656844] smpboot: Total of 2 processors activated (10367.81 BogoMIPS)
[    0.658180] devtmpfs: initialized
[    0.661183] evm: security.selinux
[    0.661792] evm: security.SMACK64
[    0.662425] evm: security.SMACK64EXEC
[    0.663077] evm: security.SMACK64TRANSMUTE
[    0.663852] evm: security.SMACK64MMAP
[    0.680652] evm: security.ima
[    0.694271] evm: security.capability
[    0.695208] clocksource: jiffies: mask: 0xffffffff max_cycles: 0xffffffff, max_idle_ns: 7645041785100000 ns
[    0.696810] futex hash table entries: 512 (order: 3, 32768 bytes)
[    0.697908] pinctrl core: initialized pinctrl subsystem
[    0.698908] RTC time: 21:02:32, date: 02/21/18
[    0.699872] NET: Registered protocol family 16
[    0.711166] cpuidle: using governor ladder
[    0.722683] cpuidle: using governor menu
[    0.728701] PCCT header not found.
[    0.729407] ACPI: bus type PCI registered
[    0.730141] acpiphp: ACPI Hot Plug PCI Controller Driver version: 0.5
[    0.731236] PCI: Using configuration type 1 for base access
[    0.743257] ACPI: Added _OSI(Module Device)
[    0.745057] ACPI: Added _OSI(Processor Device)
[    0.810272] ACPI: Added _OSI(3.0 _SCP Extensions)
[    0.811167] ACPI: Added _OSI(Processor Aggregator Device)
[    0.840073] ACPI: Executed 1 blocks of module-level executable AML code
[    0.907155] ACPI: Interpreter enabled
[    0.910008] ACPI: (supports S0 S5)
[    0.910634] ACPI: Using IOAPIC for interrupt routing
[    0.911602] PCI: Using host bridge windows from ACPI; if necessary, use "pci=nocrs" and report a bug
[    0.916149] ACPI: PCI Root Bridge [PCI0] (domain 0000 [bus 00-ff])
[    0.973367] acpi PNP0A03:00: _OSC: OS supports [ASPM ClockPM Segments MSI]
[    1.006587] acpi PNP0A03:00: _OSC: not requesting OS control; OS requires [ExtendedConfig ASPM ClockPM MSI]
[    1.008158] acpi PNP0A03:00: fail to add MMCONFIG information, can't access extended PCI configuration space under this bridge.
[    1.012445] PCI host bridge to bus 0000:00
[    1.013176] pci_bus 0000:00: root bus resource [io  0x0000-0x0cf7 window]
[    1.014209] pci_bus 0000:00: root bus resource [io  0x0d00-0xffff window]
[    1.015235] pci_bus 0000:00: root bus resource [mem 0x000a0000-0x000bffff window]
[    1.016538] pci_bus 0000:00: root bus resource [mem 0x40000000-0xffdfffff window]
[    1.017856] pci_bus 0000:00: root bus resource [bus 00-ff]
[    1.019941] pci 0000:00:01.1: legacy IDE quirk: reg 0x10: [io  0x01f0-0x01f7]
[    1.021023] pci 0000:00:01.1: legacy IDE quirk: reg 0x14: [io  0x03f6]
[    1.022022] pci 0000:00:01.1: legacy IDE quirk: reg 0x18: [io  0x0170-0x0177]
[    1.028397] pci 0000:00:01.1: legacy IDE quirk: reg 0x1c: [io  0x0376]
[    1.048587] pci 0000:00:07.0: quirk: [io  0x4000-0x403f] claimed by PIIX4 ACPI
[    1.055244] pci 0000:00:07.0: quirk: [io  0x4100-0x410f] claimed by PIIX4 SMB
[    1.062456] ACPI: PCI Interrupt Link [LNKA] (IRQs 5 9 10 *11)
[    1.070384] ACPI: PCI Interrupt Link [LNKB] (IRQs 5 9 10 *11)
[    1.071705] ACPI: PCI Interrupt Link [LNKC] (IRQs 5 9 *10 11)
[    1.091965] ACPI: PCI Interrupt Link [LNKD] (IRQs 5 *9 10 11)
[    1.093286] ACPI: Enabled 2 GPEs in block 00 to 07
[    1.117281] vgaarb: setting as boot device: PCI:0000:00:02.0
[    1.118194] vgaarb: device added: PCI:0000:00:02.0,decodes=io+mem,owns=io+mem,locks=none
[    1.119557] vgaarb: loaded
[    1.120159] vgaarb: bridge control possible 0000:00:02.0
[    1.122485] SCSI subsystem initialized
[    1.129486] ACPI: bus type USB registered
[    1.130438] usbcore: registered new interface driver usbfs
[    1.131623] usbcore: registered new interface driver hub
[    1.132771] usbcore: registered new device driver usb
[    1.134733] PCI: Using ACPI for IRQ routing
[    1.161432] NetLabel: Initializing
[    1.163145] NetLabel:  domain hash size = 128
[    1.163926] NetLabel:  protocols = UNLABELED CIPSOv4
[    1.164786] NetLabel:  unlabeled traffic allowed by default
[    1.165852] amd_nb: Cannot enumerate AMD northbridges
[    1.166762] clocksource: Switched to clocksource kvm-clock
[    1.174186] AppArmor: AppArmor Filesystem Enabled
[    1.177404] pnp: PnP ACPI init
[    1.178672] pnp: PnP ACPI: found 3 devices
[    1.187386] clocksource: acpi_pm: mask: 0xffffff max_cycles: 0xffffff, max_idle_ns: 2085701024 ns
[    1.193105] NET: Registered protocol family 2
[    1.194024] TCP established hash table entries: 8192 (order: 4, 65536 bytes)
[    1.195138] TCP bind hash table entries: 8192 (order: 5, 131072 bytes)
[    1.196170] TCP: Hash tables configured (established 8192 bind 8192)
[    1.197188] UDP hash table entries: 512 (order: 2, 16384 bytes)
[    1.198150] UDP-Lite hash table entries: 512 (order: 2, 16384 bytes)
[    1.199208] NET: Registered protocol family 1
[    1.199995] pci 0000:00:00.0: Limiting direct PCI/PCI transfers
[    1.200982] pci 0000:00:01.0: Activating ISA DMA hang workarounds
[    1.202030] Unpacking initramfs...
[    2.936593] Freeing initrd memory: 10824K
[    2.955435] platform rtc_cmos: registered platform RTC device (no PNP device found)
[    2.965938] Scanning for low memory corruption every 60 seconds
[    3.019994] audit: initializing netlink subsys (disabled)
[    3.021143] audit: type=2000 audit(1519246958.569:1): initialized
[    3.022648] Initialise system trusted keyring
[    3.023812] HugeTLB registered 2 MB page size, pre-allocated 0 pages
[    3.027042] zbud: loaded
[    3.028007] VFS: Disk quotas dquot_6.6.0
[    3.028951] VFS: Dquot-cache hash table entries: 512 (order 0, 4096 bytes)
[    3.030580] squashfs: version 4.0 (2009/01/31) Phillip Lougher
[    3.032138] fuse init (API version 7.23)
[    3.033260] Key type big_key registered
[    3.034166] Allocating IMA MOK and blacklist keyrings.
[    3.036130] Key type asymmetric registered
[    3.037060] Asymmetric key parser 'x509' registered
[    3.038134] Block layer SCSI generic (bsg) driver version 0.4 loaded (major 249)
[    3.039879] io scheduler noop registered
[    3.040787] io scheduler deadline registered (default)
[    3.041894] io scheduler cfq registered
[    3.042920] pci_hotplug: PCI Hot Plug PCI Core version: 0.5
[    3.044060] pciehp: PCI Express Hot Plug Controller Driver version: 0.4
[    3.045480] ACPI: AC Adapter [AC] (on-line)
[    3.046495] input: Power Button as /devices/LNXSYSTM:00/LNXPWRBN:00/input/input0
[    3.048192] ACPI: Power Button [PWRF]
[    3.049124] input: Sleep Button as /devices/LNXSYSTM:00/LNXSLPBN:00/input/input1
[    3.050787] ACPI: Sleep Button [SLPF]
[    3.051823] GHES: HEST is not enabled!
[    3.052443] ACPI: Battery Slot [BAT0] (battery present)
[    3.053960] Serial: 8250/16550 driver, 32 ports, IRQ sharing enabled
[    3.077287] 00:02: ttyS0 at I/O 0x3f8 (irq = 4, base_baud = 115200) is a 16550A
[    3.151178] Linux agpgart interface v0.103
[    3.194597] loop: module loaded
[    3.260877] scsi host0: ata_piix
[    3.280162] scsi host1: ata_piix
[    3.300941] ata1: PATA max UDMA/33 cmd 0x1f0 ctl 0x3f6 bmdma 0xd000 irq 14
[    3.311979] ata2: PATA max UDMA/33 cmd 0x170 ctl 0x376 bmdma 0xd008 irq 15
[    3.313176] libphy: Fixed MDIO Bus: probed
[    3.315014] tun: Universal TUN/TAP device driver, 1.6
[    3.315886] tun: (C) 1999-2004 Max Krasnyansky <maxk@qualcomm.com>
[    3.317005] PPP generic driver version 2.4.2
[    3.317918] ehci_hcd: USB 2.0 'Enhanced' Host Controller (EHCI) Driver
[    3.320015] ehci-pci: EHCI PCI platform driver
[    3.320905] ehci-platform: EHCI generic platform driver
[    3.379245] ohci_hcd: USB 1.1 'Open' Host Controller (OHCI) Driver
[    3.387562] ohci-pci: OHCI PCI platform driver
[    3.388252] ohci-platform: OHCI generic platform driver
[    3.389023] uhci_hcd: USB Universal Host Controller Interface driver
[    3.389954] i8042: PNP: PS/2 Controller [PNP0303:PS2K,PNP0f03:PS2M] at 0x60,0x64 irq 1,12
[    3.423991] serio: i8042 KBD port at 0x60,0x64 irq 1
[    3.426218] serio: i8042 AUX port at 0x60,0x64 irq 12
[    3.427266] mousedev: PS/2 mouse device common for all mice
[    3.428492] input: AT Translated Set 2 keyboard as /devices/platform/i8042/serio0/input/input2
[    3.432096] rtc_cmos rtc_cmos: rtc core: registered rtc_cmos as rtc0
[    3.436893] rtc_cmos rtc_cmos: alarms up to one day, 114 bytes nvram
[    3.439688] i2c /dev entries driver
[    3.440400] device-mapper: uevent: version 1.0.3
[    3.441330] device-mapper: ioctl: 4.34.0-ioctl (2015-10-28) initialised: dm-devel@redhat.com
[    3.470495] ledtrig-cpu: registered to indicate activity on CPUs
[    3.543964] NET: Registered protocol family 10
[    3.581587] NET: Registered protocol family 17
[    3.584477] Key type dns_resolver registered
[    3.585315] microcode: CPU0 sig=0x406e3, pf=0x2, revision=0x0
[    3.820269] microcode: CPU1 sig=0x406e3, pf=0x2, revision=0x0
[    3.840754] microcode: Microcode Update Driver: v2.01 <tigran@aivazian.fsnet.co.uk>, Peter Oruba
[    3.842205] registered taskstats version 1
[    3.842872] Loading compiled-in X.509 certificates
[    3.853069] Loaded X.509 cert 'Build time autogenerated kernel key: 4c603087bab8f0a02cb3b4e1fb4c40f507e71ef1'
[    3.891295] zswap: loaded using pool lzo/zbud
[    3.942337] Key type trusted registered
[    3.954810] tsc: Refined TSC clocksource calibration: 2591.194 MHz
[    3.962844] Key type encrypted registered
[    3.962851] AppArmor: AppArmor sha1 policy hashing enabled
[    3.962855] ima: No TPM chip found, activating TPM-bypass!
[    3.962875] evm: HMAC attrs: 0x1
[    3.963078]   Magic number: 6:742:45
[    3.970965] rtc_cmos rtc_cmos: setting system clock to 2018-02-21 21:02:36 UTC (1519246956)
[    3.971057] BIOS EDD facility v0.16 2004-Jun-25, 0 devices found
[    3.971058] EDD information not available.
[    3.985079] clocksource: tsc: mask: 0xffffffffffffffff max_cycles: 0x2559bd56d97, max_idle_ns: 440795277931 ns
[    3.987814] Freeing unused kernel memory: 1508K
[    3.990560] Write protecting the kernel read-only data: 14336k
[    3.992020] Freeing unused kernel memory: 1728K
[    3.998034] Freeing unused kernel memory: 108K
Loading, please wait...
starting version 229
[    4.024342] random: systemd-udevd: uninitialized urandom read (16 bytes read, 3 bits of entropy available)
[    4.025451] random: udevadm: uninitialized urandom read (16 bytes read, 3 bits of entropy available)
[    4.025475] random: udevadm: uninitialized urandom read (16 bytes read, 3 bits of entropy available)
[    4.037939] random: udevadm: uninitialized urandom read (16 bytes read, 3 bits of entropy available)
[    4.038018] random: udevadm: uninitialized urandom read (16 bytes read, 3 bits of entropy available)
[    4.038291] random: udevadm: uninitialized urandom read (16 bytes read, 3 bits of entropy available)
[    4.038397] random: udevadm: uninitialized urandom read (16 bytes read, 3 bits of entropy available)
[    4.038521] random: udevadm: uninitialized urandom read (16 bytes read, 3 bits of entropy available)
[    4.038627] random: udevadm: uninitialized urandom read (16 bytes read, 3 bits of entropy available)
[    4.038725] random: udevadm: uninitialized urandom read (16 bytes read, 3 bits of entropy available)
[    4.120457] e1000: Intel(R) PRO/1000 Network Driver - version 7.3.21-k8-NAPI
[    4.140866] e1000: Copyright (c) 1999-2006 Intel Corporation.
[    4.159681] AVX version of gcm_enc/dec engaged.
[    4.171577] Fusion MPT base driver 3.04.20
[    4.171578] Copyright (c) 1999-2008 LSI Corporation
[    4.201730] AES CTR mode by8 optimization enabled
[    4.212752] Fusion MPT SPI Host driver 3.04.20
[    4.348343] input: ImExPS/2 Generic Explorer Mouse as /devices/platform/i8042/serio1/input/input4
[    4.542557] e1000 0000:00:03.0 eth0: (PCI:33MHz:32-bit) 02:66:2d:c5:e5:fb
[    4.680613] e1000 0000:00:03.0 eth0: Intel(R) PRO/1000 Network Connection
[    4.682613] mptbase: ioc0: Initiating bringup
[    4.691432] e1000 0000:00:03.0 enp0s3: renamed from eth0
[    4.751146] ioc0: LSI53C1030 A0: Capabilities={Initiator}
[    4.979811] scsi host2: ioc0: LSI53C1030 A0, FwRev=00000000h, Ports=1, MaxQ=256, IRQ=20
[    5.095472] scsi 2:0:0:0: Direct-Access     VBOX     HARDDISK         1.0  PQ: 0 ANSI: 5
[    5.101669] scsi target2:0:0: Beginning Domain Validation
[    5.103848] scsi target2:0:0: Domain Validation skipping write tests
[    5.120794] scsi target2:0:0: Ending Domain Validation
[    5.121855] scsi target2:0:0: asynchronous
[    5.123315] scsi 2:0:1:0: Direct-Access     VBOX     HARDDISK         1.0  PQ: 0 ANSI: 5
[    5.124828] scsi target2:0:1: Beginning Domain Validation
[    5.126712] scsi target2:0:1: Domain Validation skipping write tests
[    5.127754] scsi target2:0:1: Ending Domain Validation
[    5.128663] scsi target2:0:1: asynchronous
[    5.133839] sd 2:0:0:0: Attached scsi generic sg0 type 0
[    5.290660] sd 2:0:0:0: [sda] 20971520 512-byte logical blocks: (10.7 GB/10.0 GiB)
[    5.292174] sd 2:0:0:0: [sda] Write Protect is off
[    5.299300] sd 2:0:1:0: [sdb] 20480 512-byte logical blocks: (10.5 MB/10.0 MiB)
[    5.300596] sd 2:0:1:0: Attached scsi generic sg1 type 0
[    5.300682] sd 2:0:0:0: [sda] Incomplete mode parameter data
[    5.300684] sd 2:0:0:0: [sda] Assuming drive cache: write through
[    5.303362] sd 2:0:1:0: [sdb] Write Protect is off
[    5.328647] sd 2:0:1:0: [sdb] Incomplete mode parameter data
[    5.329139]  sda: sda1
[    5.329999] sd 2:0:1:0: [sdb] Assuming drive cache: write through
[    5.331281] sd 2:0:0:0: [sda] Attached SCSI disk
[    5.365289] sd 2:0:1:0: [sdb] Attached SCSI disk
[    7.214244] floppy0: no floppy controllers found
Begin: Loading e[    8.643892] md: linear personality registered for level -1
ssential drivers ... [    8.773318] md: multipath personality registered for level -4
[    8.793492] md: raid0 personality registered for level 0
[    8.894430] md: raid1 personality registered for level 1
[    8.978778] raid6: sse2x1   gen()  8360 MB/s
[    9.050799] raid6: sse2x1   xor()  5223 MB/s
[    9.119457] raid6: sse2x2   gen()  9827 MB/s
[    9.186774] raid6: sse2x2   xor()  6811 MB/s
[    9.254785] raid6: sse2x4   gen() 11501 MB/s
[    9.322775] raid6: sse2x4   xor()  7425 MB/s
[    9.327553] raid6: using algorithm sse2x4 gen() 11501 MB/s
[    9.328464] raid6: .... xor() 7425 MB/s, rmw enabled
[    9.329259] raid6: using ssse3x2 recovery algorithm
[    9.331477] xor: automatically using best checksumming function:
[    9.419172]    avx       : 37098.000 MB/sec
[    9.571586] async_tx: api initialized (async)
[    9.634814] md: raid6 personality registered for level 6
[    9.646304] md: raid5 personality registered for level 5
[    9.670721] md: raid4 personality registered for level 4
[    9.677083] md: raid10 personality registered for level 10
done.
Begin: Running /scripts/init-premount ... done.
Begin: Mounting root file system ... Begin: Running /scripts/local-top ... done.
Begin: Running /scripts/local-premount ... [    9.736489] Btrfs loaded
Scanning for Btrfs filesystems
done.
Warning: fsck not present, so skipping root file system
[    9.788182] EXT4-fs (sda1): mounted filesystem with ordered data mode. Opts: (null)
done.
Begin: Running /scripts/local-bottom ... done.
Begin: Running /scripts/init-bottom ... done.
[    9.921247] systemd[1]: systemd 229 running in system mode. (+PAM +AUDIT +SELINUX +IMA +APPARMOR +SMACK +SYSVINIT +UTMP +LIBCRYPTSETUP +GCRYPT +GNUTLS +ACL +XZ -LZ4 +SECCOMP +BLKID +ELFUTILS +KMOD -IDN)
[    9.942595] systemd[1]: Detected virtualization oracle.
[    9.950675] systemd[1]: Detected architecture x86-64.

Welcome to [1mUbuntu 16.04.3 LTS[0m!

[    9.963355] systemd[1]: Set hostname to <ubuntu>.
[    9.982750] systemd[1]: Initializing machine ID from random generator.
[   10.010679] systemd[1]: Installed transient /etc/machine-id file.
[   10.180147] systemd[1]: Listening on udev Control Socket.
[[0;32m  OK  [0m] Listening on udev Control Socket.
[   10.193532] systemd[1]: Listening on LVM2 poll daemon socket.
[[0;32m  OK  [0m] Listening on LVM2 poll daemon socket.
[   10.196533] systemd[1]: Created slice System Slice.
[[0;32m  OK  [0m] Created slice System Slice.
[   10.198096] systemd[1]: Set up automount Arbitrary Executable File Formats File System Automount Point.
[[0;32m  OK  [0m] Set up automount Arbitrary Executab...ats File System Automount Point.
[   10.201732] systemd[1]: Listening on udev Kernel Socket.
[[0;32m  OK  [0m] Listening on udev Kernel Socket.
[   10.204435] systemd[1]: Listening on Journal Socket (/dev/log).
[[0;32m  OK  [0m] Listening on Journal Socket (/dev/log).
[   10.206042] systemd[1]: Reached target Swap.
[[0;32m  OK  [0m] Reached target Swap.
[   10.207399] systemd[1]: Reached target Encrypted Volumes.
[[0;32m  OK  [0m] Reached target Encrypted Volumes.
[   10.208945] systemd[1]: Listening on LVM2 metadata daemon socket.
[[0;32m  OK  [0m] Listening on LVM2 metadata daemon socket.
[   10.210987] systemd[1]: Created slice User and Session Slice.
[[0;32m  OK  [0m] Created slice User and Session Slice.
[   10.212715] systemd[1]: Reached target Slices.
[[0;32m  OK  [0m] Reached target Slices.
[   10.214191] systemd[1]: Listening on Syslog Socket.
[[0;32m  OK  [0m] Listening on Syslog Socket.
[   10.215729] systemd[1]: Reached target User and Group Name Lookups.
[[0;32m  OK  [0m] Reached target User and Group Name Lookups.
[   10.217531] systemd[1]: Listening on Journal Socket.
[[0;32m  OK  [0m] Listening on Journal Socket.
[   10.231083] systemd[1]: Starting Set console keymap...
         Starting Set console keymap...
[   10.243025] systemd[1]: Mounting POSIX Message Queue File System...
         Mounting POSIX Message Queue File System...
[   10.255515] systemd[1]: Starting Create list of required static device nodes for the current kernel...
         Starting Create list of required st... nodes for the current kernel...
[   102291461] systemd[1]: Starting Nameserver information manager...
         Starting Nameserver information manager...
[   10.545374] systemd[1]: Starting Uncomplicated firewall...
         Starting Uncomplicated firewall...
[   10.500024] systemd[1]: Mounting Huge Pages File System...
         Mounting Huge Pages File System...
[   10.704538] systemd[1]: Starting Load Kernel Modules...
[   10.739622] Loading iSCSI transport class v2.0-870.
         Starting Load Kernel Modules...
[   10.741629] systemd[1]: Mounting Debug File System...
         Mounting Debug File System...
[   10.753113] systemd[1]: Started Forward Password Requests to Wall Directory Watch.
[   10.756259] iscsi: registered transport (tcp)
[[0;32m  OK  [0m] Started Forward Password Requests to Wall Directory Watch.
[   10.763270] systemd[1]: Listening on Journal Audit Socket.
[   10.763492] random: nonblocking pool is initialized
[[0;32m  OK  [0m] Listening on Journal Audit Socket.
[   10.770019] systemd[1]: Starting Journal Service...
         Starting Journal Service...
[   10.791583] systemd[1]: Created slice system-serial\x2dgetty.slice.
[[0;32m  OK  [0m] Created slice system-serial\x2dgetty.slice.
[   10.805479] systemd[1]: Listening on Device-mapper event daemon FIFOs.
[[0;32m  OK  [0m] Listening on Device-mapper e[   10.820359] iscsi: registered transport (iser)
vent daemon FIFOs.
[   10.886992] systemd[1]: Starting Monitoring of LVM2 mirrors, snapshots etc. using dmeventd or progress polling...
         Starting Monitoring of LVM2 mirrors... dmeventd or progress polling...
[   10.924134] systemd[1]: Started Trigger resolvconf update for networkd DNS.
[[0;32m  OK  [0m] Started Trigger resolvconf update for networkd DNS.
[   10.926663] systemd[1]: Listening on /dev/initctl Compatibility Named Pipe.
[[0;32m  OK  [0m] Listening on /dev/initctl Compatibility Named Pipe.
[   10.938951] systemd[1]: Starting Remount Root and Kernel File Systems...
[   10.942554] EXT4-fs (sda1): re-mounted. Opts: (null)
         Starting Remount Root and Kernel File Systems...
[   10.977673] systemd[1]: Mounted POSIX Message Queue File System.
[[0;32m  OK  [0m] Mounted POSIX Message Queue File System.
[   10.992099] systemd[1]: Mounted Debug File System.
[[0;32m  OK  [0m] Mounted Debug File System.
[   11.013237] systemd[1]: Mounted Huge Pages File System.
[[0;32m  OK  [0m] Mounted Huge Pages File System.
[   11.015335] systemd[1]: Started Journal Service.
[[0;32m  OK  [0m] Started Journal Service.
[[0;32m  OK  [0m] Started Set console keymap.
[[0;32m  OK  [0m] Started Create list of required sta...ce nodes for the current kernel.
[[0;32m  OK  [0m] Started Uncomplicated firewall.
[[0;32m  OK  [0m] Started Load Kernel Modules.
[[0;32m  OK  [0m] Started Remount Root and Kernel File Systems.
[[0;32m  OK  [0m] Started Nameserver information manager.
[[0;32m  OK  [0m] Started LVM2 metadata daemon.
         Starting Load/Save Random Seed...
         Starting Initial cloud-init job (pre-networking)...
         Starting udev Coldplug all Devices...
         Starting Apply Kernel Variables...
         Mounting FUSE Control File System...
         Starting Create Static Device Nodes in /dev...
         Starting Flush Journal to Persistent Storage...
[[0;32m  OK  [0m] Mounted FUSE Control File System.
[[0;32m  OK  [0m] Started Load/Save Random Seed.
[[0;32m  OK  [0m] Started Apply Kernel Variables.
[[0;32m  OK  [0m] Started Create Static Device Nodes in /dev.
[[0;32m  OK  [0m] Started udev Coldplug all Devices.
[[0;32m  OK  [0m] Started Flush Journal to Persistent Storage.
         Starting udev Kernel Device Manager...
[[0;32m  OK  [0m] Started udev Kernel Device Manager.
[[0;32m  OK  [0m] Started Dispatch Password Requests to Console Directory Watch.
[[0;32m  OK  [0m] Found device /dev/ttyS0.
[[0;32m  OK  [0m] Started Monitoring of LVM2 mirrors,...ng dmeventd or progress polling.
[[0;32m  OK  [0m] Reached target Local File Systems (Pre).
[[0;32m  OK  [0m] Reached target Local File Systems.
         Starting Tell Plymouth To Write Out Runtime Data...
         Starting LSB: AppArmor initialization...
         Starting Set console font and keymap...
[   11.520693] cloud-init[449]: Cloud-init v. 17.1 running 'init-local' at Wed, 21 Feb 2018 21:02:44 +0000. Up 11.10 seconds.
         Starting Commit a transient machine-id on disk...
         Starting Create Volatile Files and Directories...
[[0;32m  OK  [0m] Started Tell Plymouth To Write Out Runtime Data.
[[0;32m  OK  [0m] Started Commit a transient machine-id on disk.
[[0;32m  OK  [0m] Started Create Volatile Files and Directories.
[[0;32m  OK  [0m] Started Initial cloud-init job (pre-networking).
[[0;32m  OK  [0m] Listening on Load/Save RF Kill Switch Status /dev/rfkill Watch.
[[0;32m  OK  [0m] Reached target Network (Pre).
[[0;32m  OK  [0m] Reached target System Time Synchronized.
         Starting Update UTMP about System Boot/Shutdown...
[[0;32m  OK  [0m] Started Set console font and keymap.
[[0;32m  OK  [0m] Created slice system-getty.slice.
[[0;32m  OK  [0m] Started Update UTMP about System Boot/Shutdown.
[[0;32m  OK  [0m] Started LSB: AppArmor initialization.
         Starting Raise network interfaces...
[[0;32m  OK  [0m] Started Raise network interfaces.
[[0;32m  OK  [0m] Reached target Network.
         Starting Initial cloud-init job (metadata service crawler)...
[   15.128103] cloud-init[936]: Cloud-init v. 17.1 running 'init' at Wed, 21 Feb 2018 21:02:47 +0000. Up 14.40 seconds.
[   15.167885] cloud-init[936]: ci-info: +++++++++++++++++++++++++++++++++++++Net device info++++++++++++++++++++++++++++++++++++++
[   15.188418] cloud-init[936]: ci-info: +--------+------+----------------------------+---------------+-------+-------------------+
[   15.195600] [cloud-init[0;32m  OK  [0m[936]: ] ci-info: | Device |  Up  |          Address           |      Mask     | Scope |     Hw-Address    |Started Initial cloud-init job (metadata service crawler).

[   15.196049] cloud-init[936]: ci-info: +--------+------+----------------------------+---------------+-------+-------------------+
[   15.200819] [[0;32m  OK  [0m] Reached target Cloud-config availability.
[[0;32m  OK  [0m] Reached target Network is Online.
cloud-init[936]: ci-info: | enp0s3 | True |         10.0.2.15          | 255.255.255.0 |   .   | 02:66:2d:c5:e5:fb |
[   15.205257] cloud-init[936]: ci-info: | enp0s3 | True | fe80::66:2dff:fec5:e5fb/64 |       .       |  link | 02:66:2d:c5:e5:fb |
[   15.208855] cloud-init[936]: ci-info: |   lo   | True |         127.0.0.1          |   255.0.0.0   |   .   |         .         |
[   15.210434] cloud-init[936]: ci-info: |   lo   | True |          ::1/128           |       .       |  host |         .         |
[   15.216432] cloud-init[936]: ci-info: +--------+------+----------------------------+---------------+-------+-------------------+
[   15.256262] cloud-init[936]: ci-info: +++++++++++++++++++++++++++Route IPv4 info++++++++++++++++++++++++++++
[   15.277735] cloud-init[936]: ci-info: +-------+-------------+----------+---------------+-----------+-------+
         Starting iSCSI initiator daemon (iscsid)...
[[0;32m  OK  [0m] Reached target System Initialization.
[[0;32m  OK  [0m] Listening on ACPID Listen Socket.
[   15.284244] cloud-init[936]: ci-info: | Route | Destination | Gateway  |    Genmask    | Interface | Flags |
[   15.288579] cloud-init[936]: ci-info: +-------+-------------+----------+---------------+-----------+-------+
[   15.288880] cloud-init[936]: ci-info: |   0   |   0.0.0.0   | 10.0.2.2 |    0.0.0.0    |   enp0s3  |   UG  |
         Starting LXD - unix socket.
[   15.288954] cloud-init[936]: ci-info: |   1   |   10.0.2.0  | 0.0.0.0  | 255.255.255.0 |   enp0s3  |   U   |
[   15.306073] cloud-init[936]: ci-info: +-------+-------------+----------+---------------+-----------+-------+
[   15.306281] cloud-init[936]: Generating public/private rsa key pair.
[   15.306499] cloud-init[936]: Your identification has been saved in /etc/ssh/ssh_host_rsa_key.
[[0;32m  OK  [0m] Listening on UUID daemon activation socket.
[   15.306636] cloud-init[936]: Your public key has been saved in /etc/ssh/ssh_host_rsa_key.pub.
[   15.336962] cloud-init[936]: The key fingerprint is:
[   15.337183] cloud-init[936]: SHA256:5VUD0grAEoGeEBxCZSQtPOVXhgQ8GGc3x1Xo1MxXzfA root@ubuntu-xenial
[   15.337439] cloud-init[936]: The key's randomart image is:
[   15.337701] cloud-init[936]: +---[RSA 2048]----+
[   15.337961] cloud-init[936]: |**XX=B+=..Bo..=+.|
[   15.338206] cloud-init[936]: |o*B+o.*..o =.o oo|
[   15.338462] cloud-init[936]: | ooo.o  o...o   E|
[[0;32m  OK  [0m] Started Timer to automatically refresh installed snaps.
[   15.338721] cloud-init[936]: |  o .    +..     |
[   15.362598] cloud-init[936]: |        S .      |
[   15.363030] cloud-init[936]: |                 |
[   15.363429] cloud-init[936]: |                 |
[   15.363842] cloud-init[936]: |                 |
[   15.364446] cloud-init[936]: |                 |
[   15.364863] cloud-init[936]: +----[SHA256]-----+
[   15.365258] cloud-init[936]: Generating public/private dsa key pair.
[   15.365707] cloud-init[936]: Your identification has been saved in /etc/ssh/ssh_host_dsa_key.
         Starting Socket activation for snappy daemon.
[   15.365900] cloud-init[936]: Your public key has been saved in /etc/ssh/ssh_host_dsa_key.pub.
[   15.373322] cloud-init[936]: The key fingerprint is:
[   15.373728] cloud-init[936]: SHA256:GgG5WlJaQV4FYeoXj1o8DPs4sytdfqSgrToBuV0n8tQ root@ubuntu-xenial
[   15.374120] cloud-init[936]: The key's randomart image is:
[[0;32m  OK  [0m] Started Daily apt download activities.
[   15.374511] cloud-init[936]: +---[DSA 1024]----+
[   15.386447] cloud-init[936]: |   .+o=+.        |
[   15.386850] cloud-init[936]: |   .+=           |
[   15.387255] cloud-init[936]: | . ++oo          |
[[0;32m  OK  [0m] Listening on D-Bus System Message Bus Socket.
[   15.387655] cloud-init[936]: |o +.*=E=         |
[   15.391323] cloud-init[936]: |.o OooO S        |
[   15.391725] cloud-init[936]: |o o o*.+.        |
[   15.392323] cloud-init[936]: | . +=+oo         |
[   15.392730] cloud-init[936]: |. o o+o .        |
[   15.393127] cloud-init[936]: |.o.oo. .         |
[   15.393537] cloud-init[936]: +----[SHA256]-----+
[   15.393942] cloud-init[936]: Generating public/private ecdsa key pair.
[   15.394342] cloud-init[936]: Your identification has been saved in /etc/ssh/ssh_host_ecdsa_key.
[   15.394757] cloud-init[936]: Your public key has been saved in /etc/ssh/ssh_host_ecdsa_key.pub.
[   15.395161] cloud-init[936]: The key fingerprint is:
[   15.395555] cloud-init[936]: SHA256:6eg89up2y07HP85d7EJDWteSa9p3oEqXjfopRHH1Yzw root@ubuntu-xenial
[   15.395968] cloud-init[936]: The key's randomart image is:
[   15.396378] cloud-init[936]: +---[ECDSA 256]---+
[   15.396787] cloud-init[936]: |             ..  |
[   15.397183] cloud-init[936]: |          . . .. |
[[0;32m  OK  [0m] Started Daily Cleanup of Temporary Directories.
[   15.397591] cloud-init[936]: |           o   Eo|
[   15.444587] cloud-init[936]: |         ..   * =|
[   15.445290] cloud-init[936]: |        S.   + + |
[[0;32m  OK  [0m] Started ACPI Events Check.
[   15.445624] cloud-init[936]: |       o .. .+*. |
[   15.497906] cloud-init[936]: |      . o.+ +*.oo|
[[0;32m  OK  [0m] Reached target Paths.
[   15.498262] cloud-init[936]: |     o+o.o.=+oooo|
[   15.505413] cloud-init[936]: |     +=*=.o=*..oo|
[   15.506210] cloud-init[936]: +----[SHA256]-----+
[   15.507048] cloud-init[936]: Generating public/private ed25519 key pair.
[   15.507896] cloud-init[936]: Your identification has been saved in /etc/ssh/ssh_host_ed25519_key.
[   15.508840] cloud-init[936]: Your public key has been saved in /etc/ssh/ssh_host_ed25519_key.pub.
[[0;32m  OK  [0m] Started Daily apt upgrade and clean activities.
[   15.509137] cloud-init[936]: The key fingerprint is:
[   15.585273] cloud-init[936]: SHA256:W1/MhDN5wyeD5bew2eMjISXHsTXHUQsWzLPhkC27D0s root@ubuntu-xenial
[[0;32m  OK  [0m] Reached target Timers.
[   15.585600] cloud-init[936]: The key's randomart image is:
[   15.660871] cloud-init[936]: +--[ED25519 256]--+
[   15.663559] cloud-init[936]: |            ==o==|
[   15.672709] cloud-init[936]: |           +o&= =|
[   15.676938] cloud-init[936]: |           .@*%.o|
[   15.679754] cloud-init[936]: |           .+X=*.|
[   15.697900] cloud-init[936]: |        S ...+++ |
[   15.703392] [[0;32m  OK  [0m] Listening on LXD - unix socket.
cloud-init[936]: |         o E..o .|
[   15.708416] [cloud-init[0;32m  OK  [0m[936]: ] |        . . =. o |Listening on Socket activation for snappy daemon.

[   15.709818] [[0;32m  OK  [0m] Started iSCSI initiator daemon (iscsid).
cloud-init[936]: |           . .. .|
[   15.717990] cloud-init[936]: |                 |
[   15.750314]          cloud-initStarting Login to default iSCSI targets...[936]: 
+----[SHA256]-----+
[[0;32m  OK  [0m] Reached target Sockets.
[[0;32m  OK  [0m] Reached target Basic System.
[[0;32m  OK  [0m] Started Unattended Upgrades Shutdown.
         Starting LSB: Record successful boot for GRUB...
[[0;32m  OK  [0m] Started ACPI event daemon.
         Starting System Logging Service...
         Starting Pollinate to seed the pseudo random number generator...
[[0;32m  OK  [0m] Started FUSE filesystem for LXC.
         Starting LXD - container startup/shutdown...
         Starting Snappy daemon...
[[0;32m  OK  [0m] Started D-Bus System Message Bus.
[[0;32m  OK  [0m] Started Regular background program processing daemon.
         Starting Accounts Service...
[[0;32m  OK  [0m] Started Deferred execution scheduler.
         Starting Apply the settings specified in cloud-config...
         Starting /etc/rc.local Compatibility...
         Starting Login Service...
         Starting LSB: MD monitoring daemon...
[[0;32m  OK  [0m] Started System Logging Service.
[[0;32m  OK  [0m] Started Snappy daemon.
[[0;32m  OK  [0m] Started LXD - container startup/shutdown.
[[0;32m  OK  [0m] Started /etc/rc.local Compatibility.
[[0;32m  OK  [0m] Started LSB: Record successful boot for GRUB.
[[0;32m  OK  [0m] Started Login to default iSCSI targets.
[[0;32m  OK  [0m] Started LSB: MD monitoring daemon.
[[0;32m  OK  [0m] Started Login Service.
         Starting Authenticate and Authorize Users to Run Privileged Tasks...
[   16.579163] cloud-init[1112]: Generating locales (this might take a while)...
[[0;32m  OK  [0m] Reached target Remote File Systems (Pre).
[[0;32m  OK  [0m] Reached target Remote File Systems.
         Starting Permit User Sessions...
         Starting LSB: automatic crash report generation...
         Starting LSB: daemon to balance interrupts for SMP systems...
         Starting LSB: VirtualBox Linux Additions...
         Starting LSB: Set the CPU Frequency Scaling governor to "ondemand"...
[[0;32m  OK  [0m] Started Permit User Sessions.
[[0;32m  OK  [0m] Started Authenticate and Authorize Users to Run Privileged Tasks.
[[0;32m  OK  [0m] Started Accounts Service.
         Starting Terminate Plymouth Boot Screen...
         Starting Hold until boot process finishes up...
[[0;32m  OK  [0m] Started LSB: automatic crash report generation.
[[0;32m  OK  [0m] Started LSB: daemon to balance interrupts for SMP systems.
[[0;32m  OK  [0m] Started LSB: VirtualBox Linux Additions.
[[0;32m  OK  [0m] Started LSB: Set the CPU Frequency Scaling governor to "ondemand".
[[0;32m  OK  [0m] Started Terminate Plymouth Boot Screen.
[[0;32m  OK  [0m] Started Hold until boot process finishes up.
[[0;32m  OK  [0m] Started Getty on tty1.
[[0;32m  OK  [0m] Started Serial Getty on ttyS0.
[[0;32m  OK  [0m] Reached target Login Prompts.
         Starting Set console scheme...
[[0;32m  OK  [0m] Started Set console scheme.
[   17.495065] cloud-init[1112]:   en_US.UTF-8... done
[   17.504770] cloud-init[1112]: Generation complete.
[[0;32m  OK  [0m] Started Pollinate to seed the pseudo random number generator.
[   17.864062] cloud-init[1112]: Cloud-init v. 17.1 running 'modules:config' at Wed, 21 Feb 2018 21:02:49 +0000. Up 16.44 seconds.
         Starting OpenBSD Secure Shell server...
[[0;32m  OK  [0m] Started OpenBSD Secure Shell server.
[[0;32m  OK  [0m] Started Apply the settings specified in cloud-config.
[[0;32m  OK  [0m] Reached target Multi-User System.
[[0;32m  OK  [0m] Reached target Graphical Interface.
         Starting Update UTMP about System Runlevel Changes...
         Starting Execute cloud user/final scripts...
[[0;32m  OK  [0m] Started Update UTMP about System Runlevel Changes.
ci-info: no authorized ssh keys fingerprints found for user ubuntu.
<14>Feb 21 21:02:51 ec2: 
<14>Feb 21 21:02:51 ec2: #############################################################
<14>Feb 21 21:02:51 ec2: -----BEGIN SSH HOST KEY FINGERPRINTS-----
<14>Feb 21 21:02:51 ec2: 1024 SHA256:GgG5WlJaQV4FYeoXj1o8DPs4sytdfqSgrToBuV0n8tQ root@ubuntu-xenial (DSA)
<14>Feb 21 21:02:51 ec2: 256 SHA256:6eg89up2y07HP85d7EJDWteSa9p3oEqXjfopRHH1Yzw root@ubuntu-xenial (ECDSA)
<14>Feb 21 21:02:51 ec2: 256 SHA256:W1/MhDN5wyeD5bew2eMjISXHsTXHUQsWzLPhkC27D0s root@ubuntu-xenial (ED25519)
<14>Feb 21 21:02:51 ec2: 2048 SHA256:5VUD0grAEoGeEBxCZSQtPOVXhgQ8GGc3x1Xo1MxXzfA root@ubuntu-xenial (RSA)
<14>Feb 21 21:02:51 ec2: -----END SSH HOST KEY FINGERPRINTS-----
<14>Feb 21 21:02:51 ec2: #############################################################
-----BEGIN SSH HOST KEY KEYS-----
ecdsa-sha2-nistp256 AAAAE2VjZHNhLXNoYTItbmlzdHAyNTYAAAAIbmlzdHAyNTYAAABBBHd3+TjwYVA1ncGJn0NM3aLZAMRj/h7QcbSjWNCzx2phYx9oBWgKUBydh4arToERLP3ejMoESu+IJZNz2dguCAs= root@ubuntu-xenial
ssh-ed25519 AAAAC3NzaC1lZDI1NTE5AAAAIFiT9Mc/LzSMd86SA4vmbkBwPLrEcBmQ3IkFK/9Ktfpt root@ubuntu-xenial
ssh-rsa AAAAB3NzaC1yc2EAAAADAQABAAABAQDaPLmkdyDP6wYXkDOOqktFbXLZSK2R5umqWyLkWZEiNJ2bTWjAJ15pHZ34qZ0g0dz/SO+PI7bmntmPM7t6A/LDPpTXRah6c7TRM06Mq74vxrP3T+I9zveqJ+lmVwzSbi6yDxu3m6immGwhUI0UGZq423F1b8v778SmlCONXg/WcHDkqEqNkG9UluHAFhNEH3QrmKVfxUFzTGRwL5H4ijMJ2pUstu461pIKmIf95dc6zNkZ2hkklRFtXvnsSvgqHNyi6RYc1GwuAd5cXAD1Tn29nYDnEMHYdX5tLoGw/zZcYjJEYw9Q8yyDj+fJZRRQNzhTdubPCfVIYmP5ggP5E+ON root@ubuntu-xenial
-----END SSH HOST KEY KEYS-----
[[0;32m  OK  [0m] Created slice User Slice of vagrant.
[   18.719989] cloud-init[1287]: Cloud-init v. 17.1 running 'modules:final' at Wed, 21 Feb 2018 21:02:51 +0000. Up 18.33 seconds.
         Starting User Manager for UID 1000...
[   18.741787] cloud-init[1287]: ci-info: no authorized ssh keys fingerprints found for user ubuntu.
[   18.772676] cloud-init[1287]: Cloud-init v. 17.1 finished at Wed, 21 Feb 2018 21:02:52 +0000. Datasource DataSourceNoCloud [seed=/dev/sdb][dsmode=net].  Up 18.70 seconds
[[0;32m  OK  [0m] Started Session 1 of user vagrant.
[[0;32m  OK  [0m] Started User Manager for UID 1000.
[[0;32m  OK  [0m] Started Execute cloud user/final scripts.
[[0;32m  OK  [0m] Reached target Cloud-init target.

Ubuntu 16.04.3 LTS ubuntu-xenial ttyS0

ubuntu-xenial login: 